
> fastrack-driving-school-lms@1.0.0 build
> vite build

[36mvite v5.4.21 [32mbuilding for production...[36m[39m
transforming...
[32m✓[39m 3013 modules transformed.
[1m[33m[plugin:vite:reporter][39m[22m [33m[plugin vite:reporter] 
(!) C:/Users/Cole/Documents/Fastrack/Fastrack-Learning_Management-System/src/api/enrollment/enrollmentServices.js is dynamically imported by C:/Users/Cole/Documents/Fastrack/Fastrack-Learning_Management-System/src/pages/Courses/CoursesPage.jsx but also statically imported by C:/Users/Cole/Documents/Fastrack/Fastrack-Learning_Management-System/src/api/enrollment/index.js, dynamic import will not move module into another chunk.
[39m
rendering chunks...
computing gzip size...
[2mdist/[22m[32mindex.html                 [39m[1m[2m    1.02 kB[22m[1m[22m[2m │ gzip:   0.54 kB[22m
[2mdist/[22m[35massets/index-BISL561c.css  [39m[1m[2m  139.31 kB[22m[1m[22m[2m │ gzip:  25.42 kB[22m
[2mdist/[22m[36massets/index-CeWZYgY-.js   [39m[1m[33m1,661.27 kB[39m[22m[2m │ gzip: 455.26 kB[22m[2m │ map: 7,218.98 kB[22m
[33m
(!) Some chunks are larger than 500 kB after minification. Consider:
- Using dynamic import() to code-split the application
- Use build.rollupOptions.output.manualChunks to improve chunking: https://rollupjs.org/configuration-options/#output-manualchunks
- Adjust chunk size limit for this warning via build.chunkSizeWarningLimit.[39m
[32m✓ built in 10.99s[39m
