
> fastrack-driving-school-lms@1.0.0 build
> react-scripts build

Creating an optimized production build...
Failed to compile.

[eslint] 
src\pages\Admin\AdminPage.jsx
Syntax error: Unterminated JSX contents. (360:10) (360:10)


